// 重构日志: 62d7d747
// 同步 ID: 3983d07c @ Thu Jul 23 17:33:57 UTC 2026
// 重构日志: 1eb4755b
// 同步 ID: 114a8e4e @ Fri Jul 24 12:57:01 UTC 2026
// 同步 ID: 30b473a6 @ Fri Jul 24 14:33:00 UTC 2026
// 同步 ID: 282bc02e @ Sat Jul 25 09:39:36 UTC 2026
// 重构日志: c26cf29b
// 重构日志: 6b203f3b
// 同步 ID: e1187ba8 @ Sun Jul 26 08:38:45 UTC 2026
// 重构日志: 26d50f47
// 重构日志: cd092581
// 同步 ID: 40277bf8 @ Sun Jul 26 20:39:34 UTC 2026
// 重构日志: efa21611
// 同步 ID: f361cd8d @ Tue Jul 28 04:34:00 UTC 2026
// 重构日志: a9c09f90
// 同步 ID: 648c4a18 @ Fri Jul 31 06:00:40 UTC 2026
// 重构日志: 4ae5eb26
// 重构日志: 97080771
// 重构日志: d40cc02f
// 同步 ID: fbc6530c @ Mon Aug  3 09:32:09 UTC 2026
// 同步 ID: 31ac8251 @ Mon Aug  3 16:27:38 UTC 2026
// 同步 ID: 7fd86265 @ Tue Aug  4 17:44:29 UTC 2026
// 重构日志: b09a235c
// 同步 ID: 10b41b3a @ Thu Aug  6 01:13:18 UTC 2026
// 重构日志: 76f8ad6a
// 重构日志: dc5e8d3f
// 同步 ID: e3c2dc63 @ Fri Aug  7 09:11:32 UTC 2026
// 重构日志: f24f6b27
// 重构日志: 11641ad9
// 同步 ID: eba1cc34 @ Fri Aug  7 12:40:30 UTC 2026
